// Jest Snapshot v1, https://goo.gl/fbAQLP

exports[`App component renders App 1`] = `
<Fragment>
  <BrowserRouter>
    <Route
      component={
        Object {
          "$$typeof": Symbol(react.memo),
          "WrappedComponent": [Function],
          "compare": null,
          "displayName": "Connect(HabitForm)",
          "type": [Function],
        }
      }
      path="/addHabit"
    />
    <Nav />
  </BrowserRouter>
</Fragment>
`;
