// Jest Snapshot v1, https://goo.gl/fbAQLP

exports[`Logo component renders Logo 1`] = `
<Link
  to="/aboutus"
>
  <h1
    className="logo"
  >
    GYST
  </h1>
</Link>
`;
