// Jest Snapshot v1, https://goo.gl/fbAQLP

exports[`HabitForm component renders HabitForm 1`] = `
<ContextConsumer>
  <Component />
</ContextConsumer>
`;
